// Jest Snapshot v1, https://goo.gl/fbAQLP

exports[`App Component renders properly 1`] = `
<div
  className="wrapper"
>
  <Header />
  <Container>
    <Route
      component={[Function]}
      exact={true}
      path="/"
    />
    <Route
      component={[Function]}
      path="/search/:query"
    />
    <Route
      component={[Function]}
      path="/watch/:id"
    />
    <Redirect
      push={false}
      to="/"
    />
  </Container>
</div>
`;
