// Jest Snapshot v1, https://goo.gl/fbAQLP

exports[`VideoDescription Component renders properly 1`] = `
<VideoDescription
  text="Jimmy and Paul Rudd do a shot-for-shot remake of the classic 1990 video for British pop duo Go West's \\"King of Wishful Thinking\\" from the Pretty Woman soundtrack.

      Subscribe NOW to The Tonight Show Starring Jimmy Fallon: http://bit.ly/1nwT1aN
      
      Watch The Tonight Show Starring Jimmy Fallon Weeknights 11:35/10:35c
      Get more Jimmy Fallon: 
      Follow Jimmy: http://Twitter.com/JimmyFallon
      Like Jimmy: https://Facebook.com/JimmyFallon
      
      Get more The Tonight Show Starring Jimmy Fallon: 
      Follow The Tonight Show: http://Twitter.com/FallonTonight
      Like The Tonight Show: https://Facebook.com/FallonTonight
      The Tonight Show Tumblr: http://fallontonight.tumblr.com/
      
      Get more NBC: 
      NBC YouTube: http://bit.ly/1dM1qBH
      Like NBC: http://Facebook.com/NBC
      Follow NBC: http://Twitter.com/NBC
      NBC Tumblr: http://nbctv.tumblr.com/
      NBC Google+: https://plus.google.com/+NBC/posts
      
      The Tonight Show Starring Jimmy Fallon features hilarious highlights from the show including: comedy sketches, music parodies, celebrity interviews, ridiculous games, and, of course, Jimmy's Thank You Notes and hashtags! You'll also find behind the scenes videos and other great web exclusives.
      
      Jimmy Fallon and Paul Rudd Recreate \\"King of Wishful Thinking\\" Music Video
      http://www.youtube.com/fallontonight"
>
  <div
    className="description"
  >
    <div
      className="text collapsed"
    >
      Jimmy and Paul Rudd do a shot-for-shot remake of the classic 1990 video for British pop duo Go West's "King of Wishful Thinking" from the Pretty Woman soundtrack.

      Subscribe NOW to The Tonight Show Starring Jimmy Fallon: http://bit.ly/1nwT1aN
      
      Watch The Tonight Show Starring Jimmy Fallon Weeknights 11:35/10:35c
      Get more Jimmy Fallon: 
      Follow Jimmy: http://Twitter.com/JimmyFallon
      Like Jimmy: https://Facebook.com/JimmyFallon
      
      Get more The Tonight Show Starring Jimmy Fallon: 
      Follow The Tonight Show: http://Twitter.com/FallonTonight
      Like The Tonight Show: https://Facebook.com/FallonTonight
      The Tonight Show Tumblr: http://fallontonight.tumblr.com/
      
      Get more NBC: 
      NBC YouTube: http://bit.ly/1dM1qBH
      Like NBC: http://Facebook.com/NBC
      Follow NBC: http://Twitter.com/NBC
      NBC Tumblr: http://nbctv.tumblr.com/
      NBC Google+: https://plus.google.com/+NBC/posts
      
      The Tonight Show Starring Jimmy Fallon features hilarious highlights from the show including: comedy sketches, music parodies, celebrity interviews, ridiculous games, and, of course, Jimmy's Thank You Notes and hashtags! You'll also find behind the scenes videos and other great web exclusives.
      
      Jimmy Fallon and Paul Rudd Recreate "King of Wishful Thinking" Music Video
      http://www.youtube.com/fallontonight
    </div>
    <button
      className="more-btn btn btn-sm"
      onClick={[Function]}
    >
      SHOW MORE
    </button>
  </div>
</VideoDescription>
`;

exports[`VideoDescription Component renders properly if text prop is not defined 1`] = `<VideoDescription />`;
