// Jest Snapshot v1, https://goo.gl/fbAQLP

exports[`Homepage Component renders Loading when isFetching is true 1`] = `<Loading />`;

exports[`Homepage Component renders properly 1`] = `
<React.Fragment>
  <h3
    className="main-title"
  >
    Trend Videos
  </h3>
  <VideoList
    loadMoreVideos={
      [MockFunction] {
        "calls": Array [
          Array [],
        ],
      }
    }
  />
</React.Fragment>
`;
