// Jest Snapshot v1, https://goo.gl/fbAQLP

exports[`SearchPage Component renders Loading when isFetching is true 1`] = `<Loading />`;

exports[`SearchPage Component renders properly 1`] = `
<React.Fragment>
  <h3
    className="main-title"
  >
    Search Results
  </h3>
  <VideoList
    loadMoreVideos={[MockFunction]}
  />
</React.Fragment>
`;

exports[`SearchPage Component renders properly when search query is not exist 1`] = `undefined`;
